interpreter error(10) in -: unknown or unexported constant 'a'
1 | import "./empty.au" as mod;
