interpreter error(9) in -: unknown or unexported struct 'a'
1 | import "./empty.au" as mod;
