fopen text.txt, rb
getc
getc
getc
getc
getc
getc
getc
getc
getc
getc
getc
aaaaaaaaaa
