parser error(14) in -: this constant is already declared
2 | const a = 20;
          ^
