parser error(13) in -: this argument is already declared
2 | func (self: A) a(self) {}
                     ^^^^
