parser error(7) in -: this class is already declared
2 | class A{}
          ^
