parser error(6) in -: this statement must be used in the global scope
2 |     import 'a';
        ^^^^^^
