interpreter error(5) in -: unable to resolve import path
1 | import "";
