parser error(5) in -: unknown variable 'a'
1 | print (a!= 1) + 2;
           ^
