parser error(5) in -: unknown variable 'my_struct'
5 | my_struct != new Class;
    ^^^^^^^^^
