parser error(5) in -: unknown variable '@a'
4 |     @a;
        ^^
