parser error(10) in -: unknown struct A
1 | new A;
        ^
