parser error(10) in -: unknown struct A
1 | func (self: A) init() {
                ^
