parser error(3) in -: unknown function abc
1 | print abc();
          ^^^
