parser error(5) in -: unknown variable 'abc'
1 | print abc;
          ^^^
