parser error(4) in -: wrong number of arguments (expected 0, got 3)
1 | b(1,2,3);
    ^
