parser error(4) in -: wrong number of arguments (expected 1, got 3)
4 |     fn(1,2,3);
        ^^
